test
1
test newline
test newline
test hor tab	test hor tab
test \
"